// Jest Snapshot v1, https://goo.gl/fbAQLP

exports[`PokeFilterTest snapshot 1`] = `
<DocumentFragment>
  <div
    class="sc-bcXHqe piIVW"
  >
    <div
      class="filters-block"
    >
      <input
        class="ant-input search"
        placeholder="Search"
        type="text"
        value=""
      />
      <div
        class="ant-select types-select ant-select-multiple ant-select-show-search"
      >
        <div
          class="ant-select-selector"
        >
          <div
            class="ant-select-selection-overflow"
          >
            <div
              class="ant-select-selection-overflow-item ant-select-selection-overflow-item-suffix"
              style="opacity: 1;"
            >
              <div
                class="ant-select-selection-search"
                style="width: 0px;"
              >
                <input
                  aria-activedescendant="rc_select_TEST_OR_SSR_list_0"
                  aria-autocomplete="list"
                  aria-controls="rc_select_TEST_OR_SSR_list"
                  aria-haspopup="listbox"
                  aria-owns="rc_select_TEST_OR_SSR_list"
                  autocomplete="off"
                  class="ant-select-selection-search-input"
                  id="rc_select_TEST_OR_SSR"
                  readonly=""
                  role="combobox"
                  style="opacity: 0;"
                  type="search"
                  unselectable="on"
                  value=""
                />
                <span
                  aria-hidden="true"
                  class="ant-select-selection-search-mirror"
                >
                  Â 
                </span>
              </div>
            </div>
          </div>
          <span
            class="ant-select-selection-placeholder"
          >
            Types
          </span>
        </div>
      </div>
    </div>
    <div
      class="additional-cursor"
    >
      <div
        class="cursor-title"
      >
        Additional Filters
      </div>
      <span
        aria-label="down-square"
        class="anticon anticon-down-square"
        role="img"
        tabindex="-1"
      >
        <svg
          aria-hidden="true"
          data-icon="down-square"
          fill="currentColor"
          focusable="false"
          height="1em"
          viewBox="64 64 896 896"
          width="1em"
        >
          <path
            d="M505.5 658.7c3.2 4.4 9.7 4.4 12.9 0l178-246c3.8-5.3 0-12.7-6.5-12.7H643c-10.2 0-19.9 4.9-25.9 13.2L512 558.6 406.8 413.2c-6-8.3-15.6-13.2-25.9-13.2H334c-6.5 0-10.3 7.4-6.5 12.7l178 246z"
          />
          <path
            d="M880 112H144c-17.7 0-32 14.3-32 32v736c0 17.7 14.3 32 32 32h736c17.7 0 32-14.3 32-32V144c0-17.7-14.3-32-32-32zm-40 728H184V184h656v656z"
          />
        </svg>
      </span>
    </div>
  </div>
</DocumentFragment>
`;
